// Jest Snapshot v1, https://goo.gl/fbAQLP

exports[`About does something great 1`] = `
<div>
  <div>
    About
  </div>
</div>
`;
